// Jest Snapshot v1, https://goo.gl/fbAQLP

exports[`Pruebas en GifItem.tsx Debe hacer match con el snapshot 1`] = `
<div>
  <div
    class="card"
  >
    <img
      alt="Good Boy Wolf GIF by League of Legends"
      src="https://media1.giphy.com/media/26gYOdBrT3MKcTj3O/giphy.gif?cid=e87f0e7df7uklzp8zf6nft5bwz1sw3d021cmn86pa6weua55&ep=v1_gifs_search&rid=giphy.gif&ct=g"
    />
    <p>
      Good Boy Wolf GIF by League of Legends
    </p>
  </div>
</div>
`;
